2026-06-01 16:39:23 | INFO     | __main__ | Device: cuda
2026-06-01 16:39:23 | INFO     | __main__ | Vocab consistency check passed: vocab_size=8000
2026-06-01 16:39:23 | INFO     | __main__ | Initialising fresh 99M teacher model...
2026-06-01 16:39:24 | INFO     | __main__ | Teacher parameters: 98,487,554 (~98.5M)
2026-06-01 16:43:28 | INFO     | __main__ | Device: cuda
2026-06-01 16:43:28 | INFO     | __main__ | Vocab consistency check passed: vocab_size=8000
2026-06-01 16:43:28 | INFO     | __main__ | Initialising fresh 99M teacher model...
2026-06-01 16:43:28 | INFO     | __main__ | Teacher parameters: 98,487,554 (~98.5M)
2026-06-01 16:44:58 | INFO     | __main__ | Device: cuda
2026-06-01 16:44:58 | INFO     | __main__ | Vocab consistency check passed: vocab_size=8000
2026-06-01 16:44:58 | INFO     | __main__ | Initialising fresh 99M teacher model...
2026-06-01 16:44:59 | INFO     | __main__ | Teacher parameters: 98,487,554 (~98.5M)
2026-06-01 16:46:56 | INFO     | __main__ | Device: cuda
2026-06-01 16:46:56 | INFO     | __main__ | Vocab consistency check passed: vocab_size=8000
2026-06-01 16:46:56 | INFO     | __main__ | Initialising fresh 99M teacher model...
2026-06-01 16:46:56 | INFO     | __main__ | Teacher parameters: 98,487,554 (~98.5M)
2026-06-01 16:52:17 | INFO     | __main__ | Epoch 001/7 | train_loss=0.0968 train_acc=0.9716 | val_loss=0.0275 val_acc=0.9957 | 319.7s
2026-06-01 16:52:18 | INFO     | __main__ |   ✓ New best val_loss=0.0275 → saved to models/track_b/99m/best_99m.pt
2026-06-01 16:57:40 | INFO     | __main__ | Epoch 002/7 | train_loss=0.0197 train_acc=0.9963 | val_loss=0.0324 val_acc=0.9946 | 322.8s
2026-06-01 16:57:41 | INFO     | __main__ |   No improvement (1/10)
2026-06-01 17:03:01 | INFO     | __main__ | Epoch 003/7 | train_loss=0.0162 train_acc=0.9973 | val_loss=0.0226 val_acc=0.9960 | 320.7s
2026-06-01 17:03:02 | INFO     | __main__ |   ✓ New best val_loss=0.0226 → saved to models/track_b/99m/best_99m.pt
2026-06-01 17:08:19 | INFO     | __main__ | Epoch 004/7 | train_loss=0.0118 train_acc=0.9977 | val_loss=0.0245 val_acc=0.9964 | 316.7s
2026-06-01 17:08:19 | INFO     | __main__ |   No improvement (1/10)
2026-06-01 17:13:33 | INFO     | __main__ | Epoch 005/7 | train_loss=0.0087 train_acc=0.9982 | val_loss=0.0221 val_acc=0.9966 | 313.8s
2026-06-01 17:13:33 | INFO     | __main__ |   ✓ New best val_loss=0.0221 → saved to models/track_b/99m/best_99m.pt
2026-06-01 17:18:49 | INFO     | __main__ | Epoch 006/7 | train_loss=0.0060 train_acc=0.9987 | val_loss=0.0211 val_acc=0.9965 | 315.9s
2026-06-01 17:18:50 | INFO     | __main__ |   ✓ New best val_loss=0.0211 → saved to models/track_b/99m/best_99m.pt
2026-06-01 17:24:07 | INFO     | __main__ | Epoch 007/7 | train_loss=0.0044 train_acc=0.9989 | val_loss=0.0229 val_acc=0.9965 | 317.2s
2026-06-01 17:24:07 | INFO     | __main__ |   No improvement (1/10)
2026-06-01 17:24:07 | INFO     | __main__ | Teacher training complete. Best model: models/track_b/99m/best_99m.pt
